// Jest Snapshot v1, https://goo.gl/fbAQLP

exports[`PowerTranslator Component Rendering should create the PowerTranslator component 1`] = `
<View>
  <Text
    accessible={true}
    allowFontScaling={true}
    disabled={false}
    ellipsizeMode="tail"
    style={
      Array [
        Object {
          "color": "#ccc",
        },
      ]
    }
  >
    A text to translate
  </Text>
</View>
`;
